Archive member included to satisfy reference by file (symbol)

c:/autodevkitstudio-2.4.0/eclipse/plugins/com.st.tools.spc5.tools.gnu.gcc.ppcvle.win32_4.9.4.20200908161514/toolchain/bin/../lib/gcc/powerpc-eabivle/4.9.4/../../../../powerpc-eabivle/lib/e200z4\libm.a(lib_a-wf_exp.o)
                              build/obj/BMS_Controller.o (expf)
c:/autodevkitstudio-2.4.0/eclipse/plugins/com.st.tools.spc5.tools.gnu.gcc.ppcvle.win32_4.9.4.20200908161514/toolchain/bin/../lib/gcc/powerpc-eabivle/4.9.4/../../../../powerpc-eabivle/lib/e200z4\libm.a(lib_a-w_log.o)
                              build/obj/main.o (log)
c:/autodevkitstudio-2.4.0/eclipse/plugins/com.st.tools.spc5.tools.gnu.gcc.ppcvle.win32_4.9.4.20200908161514/toolchain/bin/../lib/gcc/powerpc-eabivle/4.9.4/../../../../powerpc-eabivle/lib/e200z4\libm.a(lib_a-ef_exp.o)
                              c:/autodevkitstudio-2.4.0/eclipse/plugins/com.st.tools.spc5.tools.gnu.gcc.ppcvle.win32_4.9.4.20200908161514/toolchain/bin/../lib/gcc/powerpc-eabivle/4.9.4/../../../../powerpc-eabivle/lib/e200z4\libm.a(lib_a-wf_exp.o) (__ieee754_expf)
c:/autodevkitstudio-2.4.0/eclipse/plugins/com.st.tools.spc5.tools.gnu.gcc.ppcvle.win32_4.9.4.20200908161514/toolchain/bin/../lib/gcc/powerpc-eabivle/4.9.4/../../../../powerpc-eabivle/lib/e200z4\libm.a(lib_a-e_log.o)
                              c:/autodevkitstudio-2.4.0/eclipse/plugins/com.st.tools.spc5.tools.gnu.gcc.ppcvle.win32_4.9.4.20200908161514/toolchain/bin/../lib/gcc/powerpc-eabivle/4.9.4/../../../../powerpc-eabivle/lib/e200z4\libm.a(lib_a-w_log.o) (__ieee754_log)
c:/autodevkitstudio-2.4.0/eclipse/plugins/com.st.tools.spc5.tools.gnu.gcc.ppcvle.win32_4.9.4.20200908161514/toolchain/bin/../lib/gcc/powerpc-eabivle/4.9.4/../../../../powerpc-eabivle/lib/e200z4\libm.a(lib_a-sf_finite.o)
                              c:/autodevkitstudio-2.4.0/eclipse/plugins/com.st.tools.spc5.tools.gnu.gcc.ppcvle.win32_4.9.4.20200908161514/toolchain/bin/../lib/gcc/powerpc-eabivle/4.9.4/../../../../powerpc-eabivle/lib/e200z4\libm.a(lib_a-wf_exp.o) (finitef)
c:/autodevkitstudio-2.4.0/eclipse/plugins/com.st.tools.spc5.tools.gnu.gcc.ppcvle.win32_4.9.4.20200908161514/toolchain/bin/../lib/gcc/powerpc-eabivle/4.9.4/../../../../powerpc-eabivle/lib/e200z4\libm.a(lib_a-s_fpclassify.o)
                              c:/autodevkitstudio-2.4.0/eclipse/plugins/com.st.tools.spc5.tools.gnu.gcc.ppcvle.win32_4.9.4.20200908161514/toolchain/bin/../lib/gcc/powerpc-eabivle/4.9.4/../../../../powerpc-eabivle/lib/e200z4\libm.a(lib_a-w_log.o) (__fpclassifyd)
c:/autodevkitstudio-2.4.0/eclipse/plugins/com.st.tools.spc5.tools.gnu.gcc.ppcvle.win32_4.9.4.20200908161514/toolchain/bin/../lib/gcc/powerpc-eabivle/4.9.4/../../../../powerpc-eabivle/lib/e200z4\libm.a(lib_a-s_lib_ver.o)
                              c:/autodevkitstudio-2.4.0/eclipse/plugins/com.st.tools.spc5.tools.gnu.gcc.ppcvle.win32_4.9.4.20200908161514/toolchain/bin/../lib/gcc/powerpc-eabivle/4.9.4/../../../../powerpc-eabivle/lib/e200z4\libm.a(lib_a-wf_exp.o) (__fdlib_version)
c:/autodevkitstudio-2.4.0/eclipse/plugins/com.st.tools.spc5.tools.gnu.gcc.ppcvle.win32_4.9.4.20200908161514/toolchain/bin/../lib/gcc/powerpc-eabivle/4.9.4/../../../../powerpc-eabivle/lib/e200z4\libm.a(lib_a-s_matherr.o)
                              c:/autodevkitstudio-2.4.0/eclipse/plugins/com.st.tools.spc5.tools.gnu.gcc.ppcvle.win32_4.9.4.20200908161514/toolchain/bin/../lib/gcc/powerpc-eabivle/4.9.4/../../../../powerpc-eabivle/lib/e200z4\libm.a(lib_a-wf_exp.o) (matherr)
c:/autodevkitstudio-2.4.0/eclipse/plugins/com.st.tools.spc5.tools.gnu.gcc.ppcvle.win32_4.9.4.20200908161514/toolchain/bin/../lib/gcc/powerpc-eabivle/4.9.4/../../../../powerpc-eabivle/lib/e200z4\libm.a(lib_a-s_nan.o)
                              c:/autodevkitstudio-2.4.0/eclipse/plugins/com.st.tools.spc5.tools.gnu.gcc.ppcvle.win32_4.9.4.20200908161514/toolchain/bin/../lib/gcc/powerpc-eabivle/4.9.4/../../../../powerpc-eabivle/lib/e200z4\libm.a(lib_a-w_log.o) (nan)
c:/autodevkitstudio-2.4.0/eclipse/plugins/com.st.tools.spc5.tools.gnu.gcc.ppcvle.win32_4.9.4.20200908161514/toolchain/bin/../lib/gcc/powerpc-eabivle/4.9.4/../../../../powerpc-eabivle/lib/e200z4\libc.a(lib_a-errno.o)
                              c:/autodevkitstudio-2.4.0/eclipse/plugins/com.st.tools.spc5.tools.gnu.gcc.ppcvle.win32_4.9.4.20200908161514/toolchain/bin/../lib/gcc/powerpc-eabivle/4.9.4/../../../../powerpc-eabivle/lib/e200z4\libm.a(lib_a-wf_exp.o) (__errno)
c:/autodevkitstudio-2.4.0/eclipse/plugins/com.st.tools.spc5.tools.gnu.gcc.ppcvle.win32_4.9.4.20200908161514/toolchain/bin/../lib/gcc/powerpc-eabivle/4.9.4/../../../../powerpc-eabivle/lib/e200z4\libc.a(lib_a-impure.o)
                              c:/autodevkitstudio-2.4.0/eclipse/plugins/com.st.tools.spc5.tools.gnu.gcc.ppcvle.win32_4.9.4.20200908161514/toolchain/bin/../lib/gcc/powerpc-eabivle/4.9.4/../../../../powerpc-eabivle/lib/e200z4\libc.a(lib_a-errno.o) (_impure_ptr)
[...]
Memory Configuration

Name             Origin             Length             Attributes
hsmflash         0x0060c000         0x00024000
dataflash        0x00800000         0x00020000
flash            0x00fc0000         0x00400000
ram              0x400a8000         0x00060000
dram0            0x50800000         0x00010000
dram2            0x52800000         0x00010000
*default*        0x00000000         0xffffffff

Linker script and memory map

LOAD build/obj/boot.o
LOAD build/obj/crt0.o
LOAD build/obj/vectors.o
LOAD build/obj/ivor.o
LOAD build/obj/core0.o
LOAD build/obj/cache.o
LOAD build/obj/spc5_lld.o
LOAD build/obj/spc5_edma.o
LOAD build/obj/can_lld.o
LOAD build/obj/serial_lld.o
LOAD build/obj/pit_lld.o
LOAD build/obj/spi_lld.o
LOAD build/obj/wkpu_lld.o
LOAD build/obj/spc5_linflex.o
LOAD build/obj/AEK_COM_ISOSPI1_lld.o
LOAD build/obj/AEK_POW_BMS63EN_lld.o
LOAD build/obj/AEK_POW_BMS63EN_id.o
LOAD build/obj/AEK_POW_BMS63EN_diag.o
LOAD build/obj/pal.o
LOAD build/obj/clock.o
LOAD build/obj/irq.o
LOAD build/obj/eirq.o
LOAD build/obj/swirq.o
LOAD build/obj/osal.o
LOAD build/obj/systimer.o
LOAD build/obj/serial_lld_cfg.o
LOAD build/obj/can_lld_cfg.o
LOAD build/obj/pit_lld_cfg.o
LOAD build/obj/spi_lld_cfg.o
LOAD build/obj/wkpu_lld_cfg.o
LOAD build/obj/AEK_COM_ISOSPI1_cfg.o
LOAD build/obj/AEK_POW_BMS63EN_cfg.o
LOAD build/obj/board.o
LOAD build/obj/irq_cfg.o
LOAD build/obj/eirq_cfg.o
LOAD build/obj/swirq_cfg.o
LOAD build/obj/main.o
LOAD build/obj/AEK_POW_BMS63EN_Appl.o
LOAD build/obj/BMS_Controller_data.o
LOAD build/obj/Cell_Model_parameter.o
LOAD build/obj/BMS_Controller.o
LOAD build/obj/components.o
LOAD c:/autodevkitstudio-2.4.0/eclipse/plugins/com.st.tools.spc5.tools.gnu.gcc.ppcvle.win32_4.9.4.20200908161514/toolchain/bin/../lib/gcc/powerpc-eabivle/4.9.4/../../../../powerpc-eabivle/lib/e200z4\libm.a
LOAD c:/autodevkitstudio-2.4.0/eclipse/plugins/com.st.tools.spc5.tools.gnu.gcc.ppcvle.win32_4.9.4.20200908161514/toolchain/bin/../lib/gcc/powerpc-eabivle/4.9.4/../../../../powerpc-eabivle/lib/e200z4\libc.a
                0x00000000                __irq_stack_size__ = 0x0
                0x00001000                __process_stack_size__ = 0x1000
                0x00000000                __core0_irq_stack_size__ = 0x0
                0x00000800                __core0_process_stack_size__ = 0x800
                0x00400000                __flash_size__ = LENGTH (flash)
                0x00fc0000                __flash_start__ = ORIGIN (flash)
                0x013c0000                __flash_end__ = (ORIGIN (flash) + LENGTH (flash))
                0x00060000                __ram_size__ = LENGTH (ram)
                0x400a8000                __ram_start__ = ORIGIN (ram)
                0x40108000                __ram_end__ = (ORIGIN (ram) + LENGTH (ram))
                0x00010000                __dram0_size__ = LENGTH (dram0)
                0x50800000                __dram0_start__ = ORIGIN (dram0)
                0x50810000                __dram0_end__ = (ORIGIN (dram0) + LENGTH (dram0))
                0x00010000                __dram2_size__ = LENGTH (dram2)
                0x52800000                __dram2_start__ = ORIGIN (dram2)
                0x52810000                __dram2_end__ = (ORIGIN (dram2) + LENGTH (dram2))
                0x00fc0000                . = ORIGIN (flash)

.boot0          0x00fc0000      0x386
 *(.boot)
 .boot          0x00fc0000      0x1f2 build/obj/boot.o
                0x00fc000c                _reset_address0
                0x00fc0030                _reset_address2
 *(.handlers)
 *fill*         0x00fc01f2        0xe 
 .handlers      0x00fc0200        0x6 build/obj/boot.o
                0x00fc0200                _C0_IVOR15
                0x00fc0200                _C0_IVOR13
                0x00fc0200                _C0_IVOR1
                0x00fc0200                _C0_IVOR14
                0x00fc0200                _C0_IVOR12
                0x00fc0200                _C0_IVOR7
                0x00fc0200                _C0_IVOR2
                0x00fc0200                _C0_IVOR8
                0x00fc0200                _C0_IVOR5
                0x00fc0200                _C0_IVOR11
                0x00fc0200                _C0_IVOR9
                0x00fc0200                _C0_IVOR0
                0x00fc0200                _C0_IVOR6
                0x00fc0200                _unhandled_exception0
                0x00fc0200                _C0_IVOR3
                0x00fc0204                _IVOR9
                0x00fc0204                _IVOR0
                0x00fc0204                _IVOR12
                0x00fc0204                _IVOR1
                0x00fc0204                _IVOR14
                0x00fc0204                _unhandled_exception2
                0x00fc0204                _IVOR6
                0x00fc0204                _IVOR15
                0x00fc0204                _IVOR5
                0x00fc0204                _IVOR3
                0x00fc0204                _IVOR7
                0x00fc0204                _IVOR2
                0x00fc0204                _IVOR8
                0x00fc0204                _IVOR11
                0x00fc0204                _IVOR13
 *fill*         0x00fc0206        0xa 
 .handlers      0x00fc0210       0xb2 build/obj/ivor.o
                0x00fc0210                _IVOR4
                0x00fc0270                _C0_IVOR4
 *(.crt0)
 *fill*         0x00fc02c2        0xe 
 .crt0          0x00fc02d0       0xb6 build/obj/crt0.o
                0x00fc02d0                _boot_address
                0x00fc0348                _main_exit_handler
                0x00fc034e                __late_init
                0x00fc0350                __eabi
                0x00fc0360                _boot_address0

.boot1          0x00fc0390     0x1c72
                0x00fc0400                . = ALIGN (0x100)
 *fill*         0x00fc0390       0x70 
                0x00fc0400                __ivpr0_base__ = .
 *(.core0_ivors)
 .core0_ivors   0x00fc0400       0xf4 build/obj/boot.o
                0x00fc0400                C0_IVORS
                0x00fc0500                . = ALIGN (0x100)
 *fill*         0x00fc04f4        0xc 
                0x00fc0500                __ivpr2_base__ = .
 *(.core2_ivors)
 .core2_ivors   0x00fc0500       0xf4 build/obj/boot.o
                0x00fc0500                IVORS
                0x00fc1000                . = ALIGN (0x1000)
 *fill*         0x00fc05f4      0xa0c 
 *(.vectors)
 .vectors       0x00fc1000     0x1002 build/obj/vectors.o
                0x00fc1000                _vectors
                0x00fc2000                vector971
                0x00fc2000                vector120
                0x00fc2000                vector646
                0x00fc2000                vector276
                0x00fc2000                vector827
                0x00fc2000                vector198
                0x00fc2000                vector464
                0x00fc2000                vector234
                0x00fc2000                vector689
                0x00fc2000                vector25
                0x00fc2000                vector710
                0x00fc2000                vector548
                0x00fc2000                vector403
                0x00fc2000                vector444
                0x00fc2000                vector837
                0x00fc2000                vector487
                0x00fc2000                vector725
                0x00fc2000                vector722
                0x00fc2000                vector769
                0x00fc2000                vector569
                0x00fc2000                vector151
                0x00fc2000                vector501
                0x00fc2000                vector937
                0x00fc2000                vector50
                0x00fc2000                vector15
                0x00fc2000                vector848
                0x00fc2000                vector1017
                0x00fc2000                vector604
                0x00fc2000                vector723
                0x00fc2000                vector774
                0x00fc2000                vector407
                0x00fc2000                vector878
                0x00fc2000                vector387
                0x00fc2000                vector933
                0x00fc2000                vector602
                0x00fc2000                vector149
                0x00fc2000                vector342
                0x00fc2000                vector582
                0x00fc2000                vector8
                0x00fc2000                vector757
                0x00fc2000                vector772
                0x00fc2000                vector729
                0x00fc2000                vector232
                0x00fc2000                vector635
                0x00fc2000                vector265
                0x00fc2000                vector513
                0x00fc2000                vector163
                0x00fc2000                vector1003
                0x00fc2000                vector759
                0x00fc2000                vector982
                0x00fc2000                vector421
                0x00fc2000                vector835
                0x00fc2000                vector880
                0x00fc2000                vector401
                0x00fc2000                vector351
                0x00fc2000                vector481
                0x00fc2000                vector220
                0x00fc2000                vector664
                0x00fc2000                vector294
                0x00fc2000                vector680
                0x00fc2000                vector225
                0x00fc2000                vector886
                0x00fc2000                vector909
                0x00fc2000                vector308
                0x00fc2000                vector467
                0x00fc2000                vector843
                0x00fc2000                vector386
                0x00fc2000                vector556
                0x00fc2000                vector494
                0x00fc2000                vector599
                0x00fc2000                vector424
                0x00fc2000                vector537
                0x00fc2000                vector187
                0x00fc2000                vector1015
                0x00fc2000                vector382
                0x00fc2000                vector883
                0x00fc2000                vector127
                0x00fc2000                vector551
                0x00fc2000                vector1009
                0x00fc2000                vector841
                0x00fc2000                vector30
                0x00fc2000                vector804
                0x00fc2000                vector370
                0x00fc2000                vector337
                0x00fc2000                vector739
                0x00fc2000                vector302
                0x00fc2000                vector367
                0x00fc2000                vector325
                0x00fc2000                vector292
                0x00fc2000                vector268
                0x00fc2000                vector34
                0x00fc2000                vector46
                0x00fc2000                vector988
                0x00fc2000                vector743
                0x00fc2000                vector638
                0x00fc2000                vector794
                0x00fc2000                vector529
                0x00fc2000                vector179
                0x00fc2000                vector764
                0x00fc2000                vector990
                0x00fc2000                vector786
                0x00fc2000                vector437
                0x00fc2000                vector1023
                0x00fc2000                vector134
                0x00fc2000                vector713
                0x00fc2000                vector341
                0x00fc2000                vector218
                0x00fc2000                vector994
                0x00fc2000                vector662
                0x00fc2000                vector888
                0x00fc2000                vector322
                0x00fc2000                vector223
                0x00fc2000                vector881
                0x00fc2000                vector945
                0x00fc2000                vector892
                0x00fc2000                vector410
                0x00fc2000                vector978
                0x00fc2000                vector222
                0x00fc2000                vector704
                0x00fc2000                vector258
                0x00fc2000                vector927
                0x00fc2000                vector887
                0x00fc2000                vector634
                0x00fc2000                vector264
                0x00fc2000                vector628
                0x00fc2000                vector472
                0x00fc2000                vector364
                0x00fc2000                vector205
                0x00fc2000                vector908
                0x00fc2000                vector511
                0x00fc2000                vector161
                0x00fc2000                vector916
                0x00fc2000                vector842
                0x00fc2000                vector510
                0x00fc2000                vector507
                0x00fc2000                vector157
                0x00fc2000                vector416
                0x00fc2000                vector490
                0x00fc2000                vector727
                0x00fc2000                vector389
                0x00fc2000                vector347
                0x00fc2000                vector160
                0x00fc2000                vector344
                0x00fc2000                vector559
                0x00fc2000                vector215
                0x00fc2000                vector352
                0x00fc2000                vector690
                0x00fc2000                vector37
                0x00fc2000                vector920
                0x00fc2000                vector547
                0x00fc2000                vector197
                0x00fc2000                vector596
                0x00fc2000                vector555
                0x00fc2000                vector455
                0x00fc2000                vector129
                0x00fc2000                vector649
                0x00fc2000                vector279
                0x00fc2000                vector6
                0x00fc2000                vector893
                0x00fc2000                vector553
                0x00fc2000                vector681
                0x00fc2000                vector904
                0x00fc2000                vector850
                0x00fc2000                vector415
                0x00fc2000                vector339
                0x00fc2000                vector459
                0x00fc2000                vector823
                0x00fc2000                vector868
                0x00fc2000                vector761
                0x00fc2000                vector600
                0x00fc2000                vector502
                0x00fc2000                vector152
                0x00fc2000                vector838
                0x00fc2000                vector972
                0x00fc2000                vector598
                0x00fc2000                vector423
                0x00fc2000                vector995
                0x00fc2000                vector826
                0x00fc2000                vector49
                0x00fc2000                vector44
                0x00fc2000                vector643
                0x00fc2000                vector469
                0x00fc2000                vector273
                0x00fc2000                vector670
                0x00fc2000                vector991
                0x00fc2000                vector572
                0x00fc2000                vector818
                0x00fc2000                vector943
                0x00fc2000                vector731
                0x00fc2000                vector830
                0x00fc2000                vector523
                0x00fc2000                vector173
                0x00fc2000                vector637
                0x00fc2000                vector686
                0x00fc2000                vector379
                0x00fc2000                vector426
                0x00fc2000                vector485
                0x00fc2000                vector675
                0x00fc2000                vector336
                0x00fc2000                vector911
                0x00fc2000                vector267
                0x00fc2000                vector117
                0x00fc2000                vector566
                0x00fc2000                vector956
                0x00fc2000                vector442
                0x00fc2000                vector456
                0x00fc2000                vector491
                0x00fc2000                vector719
                0x00fc2000                vector309
                0x00fc2000                vector712
                0x00fc2000                vector321
                0x00fc2000                vector575
                0x00fc2000                vector1007
                0x00fc2000                vector12
                0x00fc2000                vector532
                0x00fc2000                vector182
                0x00fc2000                vector466
                0x00fc2000                vector950
                0x00fc2000                vector1000
                0x00fc2000                vector1002
                0x00fc2000                vector383
                0x00fc2000                vector20
                0x00fc2000                vector286
                0x00fc2000                vector417
                0x00fc2000                vector18
                0x00fc2000                vector366
                0x00fc2000                vector776
                0x00fc2000                vector303
                0x00fc2000                vector656
                0x00fc2000                vector986
                0x00fc2000                vector863
                0x00fc2000                vector319
                0x00fc2000                vector907
                0x00fc2000                vector873
                0x00fc2000                vector814
                0x00fc2000                vector542
                0x00fc2000                vector489
                0x00fc2000                vector931
                0x00fc2000                vector658
                0x00fc2000                vector288
                0x00fc2000                vector564
                0x00fc2000                vector861
                0x00fc2000                vector906
                0x00fc2000                vector184
                0x00fc2000                vector577
                0x00fc2000                vector683
                0x00fc2000                vector358
                0x00fc2000                vector446
                0x00fc2000                vector326
                0x00fc2000                vector207
                0x00fc2000                vector915
                0x00fc2000                vector585
                0x00fc2000                vector636
                0x00fc2000                vector266
                0x00fc2000                vector411
                0x00fc2000                vector692
                0x00fc2000                vector188
                0x00fc2000                vector538
                0x00fc2000                vector540
                0x00fc2000                vector190
                0x00fc2000                vector609
                0x00fc2000                vector239
                0x00fc2000                vector567
                0x00fc2000                vector534
                0x00fc2000                vector360
                0x00fc2000                vector654
                0x00fc2000                vector284
                0x00fc2000                vector452
                0x00fc2000                vector782
                0x00fc2000                vector768
                0x00fc2000                vector1005
                0x00fc2000                vector831
                0x00fc2000                vector766
                0x00fc2000                vector633
                0x00fc2000                vector581
                0x00fc2000                vector882
                0x00fc2000                vector685
                0x00fc2000                vector869
                0x00fc2000                vector992
                0x00fc2000                vector699
                0x00fc2000                vector976
                0x00fc2000                vector640
                0x00fc2000                vector270
                0x00fc2000                vector717
                0x00fc2000                vector17
                0x00fc2000                vector315
                0x00fc2000                vector755
                0x00fc2000                vector439
                0x00fc2000                vector721
                0x00fc2000                vector497
                0x00fc2000                vector824
                0x00fc2000                vector735
                0x00fc2000                vector847
                0x00fc2000                vector48
                0x00fc2000                vector659
                0x00fc2000                vector926
                0x00fc2000                vector781
                0x00fc2000                vector984
                0x00fc2000                vector462
                0x00fc2000                vector586
                0x00fc2000                vector299
                0x00fc2000                vector669
                0x00fc2000                vector146
                0x00fc2000                vector897
                0x00fc2000                vector815
                0x00fc2000                vector541
                0x00fc2000                vector191
                0x00fc2000                vector350
                0x00fc2000                vector997
                0x00fc2000                vector854
                0x00fc2000                vector447
                0x00fc2000                vector11
                0x00fc2000                vector14
                0x00fc2000                vector952
                0x00fc2000                vector499
                0x00fc2000                vector480
                0x00fc2000                vector397
                0x00fc2000                vector941
                0x00fc2000                vector454
                0x00fc2000                vector708
                0x00fc2000                vector679
                0x00fc2000                vector406
                0x00fc2000                vector969
                0x00fc2000                vector338
                0x00fc2000                vector148
                0x00fc2000                vector221
                0x00fc2000                vector912
                0x00fc2000                vector353
                0x00fc2000                vector521
                0x00fc2000                vector936
                0x00fc2000                vector219
                0x00fc2000                vector289
                0x00fc2000                vector663
                0x00fc2000                vector293
                0x00fc2000                vector957
                0x00fc2000                vector310
                0x00fc2000                vector171
                0x00fc2000                vector504
                0x00fc2000                vector154
                0x00fc2000                vector851
                0x00fc2000                vector449
                0x00fc2000                vector405
                0x00fc2000                vector800
                0x00fc2000                vector385
                0x00fc2000                vector340
                0x00fc2000                vector716
                0x00fc2000                vector36
                0x00fc2000                vector894
                0x00fc2000                vector605
                0x00fc2000                vector235
                0x00fc2000                vector849
                0x00fc2000                vector874
                0x00fc2000                vector272
                0x00fc2000                vector642
                0x00fc2000                vector164
                0x00fc2000                vector973
                0x00fc2000                vector1012
                0x00fc2000                vector879
                0x00fc2000                vector914
                0x00fc2000                vector514
                0x00fc2000                vector153
                0x00fc2000                vector959
                0x00fc2000                vector684
                0x00fc2000                vector987
                0x00fc2000                vector139
                0x00fc2000                vector503
                0x00fc2000                vector563
                0x00fc2000                vector902
                0x00fc2000                vector949
                0x00fc2000                vector944
                0x00fc2000                vector505
                0x00fc2000                vector155
                0x00fc2000                vector822
                0x00fc2000                vector619
                0x00fc2000                vector167
                0x00fc2000                vector517
                0x00fc2000                vector121
                0x00fc2000                vector867
                0x00fc2000                vector754
                0x00fc2000                vector5
                0x00fc2000                vector320
                0x00fc2000                vector203
                0x00fc2000                vector799
                0x00fc2000                vector195
                0x00fc2000                vector587
                0x00fc2000                vector500
                0x00fc2000                vector150
                0x00fc2000                vector304
                0x00fc2000                vector545
                0x00fc2000                vector590
                0x00fc2000                vector192
                0x00fc2000                vector516
                0x00fc2000                vector166
                0x00fc2000                vector434
                0x00fc2000                vector594
                0x00fc2000                vector618
                0x00fc2000                vector479
                0x00fc2000                vector343
                0x00fc2000                vector271
                0x00fc2000                vector820
                0x00fc2000                vector939
                0x00fc2000                vector31
                0x00fc2000                vector388
                0x00fc2000                vector641
                0x00fc2000                vector891
                0x00fc2000                vector123
                0x00fc2000                vector865
                0x00fc2000                vector665
                0x00fc2000                vector295
                0x00fc2000                vector427
                0x00fc2000                vector938
                0x00fc2000                vector836
                0x00fc2000                vector318
                0x00fc2000                vector910
                0x00fc2000                vector785
                0x00fc2000                vector471
                0x00fc2000                vector28
                0x00fc2000                vector703
                0x00fc2000                vector126
                0x00fc2000                vector934
                0x00fc2000                vector202
                0x00fc2000                vector323
                0x00fc2000                vector744
                0x00fc2000                vector955
                0x00fc2000                vector368
                0x00fc2000                vector550
                0x00fc2000                vector519
                0x00fc2000                vector169
                0x00fc2000                vector413
                0x00fc2000                vector866
                0x00fc2000                vector821
                0x00fc2000                vector457
                0x00fc2000                vector147
                0x00fc2000                vector780
                0x00fc2000                vector742
                0x00fc2000                vector809
                0x00fc2000                vector474
                0x00fc2000                vector603
                0x00fc2000                vector233
                0x00fc2000                vector593
                0x00fc2000                vector373
                0x00fc2000                vector1019
                0x00fc2000                vector204
                0x00fc2000                vector698
                0x00fc2000                vector441
                0x00fc2000                vector756
                0x00fc2000                vector787
                0x00fc2000                vector726
                0x00fc2000                vector283
                0x00fc2000                vector365
                0x00fc2000                vector620
                0x00fc2000                vector591
                0x00fc2000                vector124
                0x00fc2000                vector653
                0x00fc2000                vector749
                0x00fc2000                vector966
                0x00fc2000                vector484
                0x00fc2000                vector668
                0x00fc2000                vector298
                0x00fc2000                vector657
                0x00fc2000                vector287
                0x00fc2000                vector22
                0x00fc2000                vector617
                0x00fc2000                vector923
                0x00fc2000                vector630
                0x00fc2000                vector137
                0x00fc2000                vector979
                0x00fc2000                vector330
                0x00fc2000                vector561
                0x00fc2000                vector963
                0x00fc2000                vector855
                0x00fc2000                vector647
                0x00fc2000                vector277
                0x00fc2000                vector607
                0x00fc2000                vector237
                0x00fc2000                vector27
                0x00fc2000                vector579
                0x00fc2000                vector477
                0x00fc2000                vector177
                0x00fc2000                vector425
                0x00fc2000                vector118
                0x00fc2000                vector328
                0x00fc2000                vector918
                0x00fc2000                vector468
                0x00fc2000                vector701
                0x00fc2000                vector312
                0x00fc2000                vector1013
                0x00fc2000                vector217
                0x00fc2000                vector355
                0x00fc2000                vector661
                0x00fc2000                vector291
                0x00fc2000                vector186
                0x00fc2000                vector536
                0x00fc2000                vector132
                0x00fc2000                vector372
                0x00fc2000                vector583
                0x00fc2000                vector807
                0x00fc2000                vector390
                0x00fc2000                vector527
                0x00fc2000                vector803
                0x00fc2000                vector316
                0x00fc2000                vector905
                0x00fc2000                vector375
                0x00fc2000                vector1022
                0x00fc2000                vector335
                0x00fc2000                vector671
                0x00fc2000                vector210
                0x00fc2000                vector332
                0x00fc2000                vector227
                0x00fc2000                vector834
                0x00fc2000                vector363
                0x00fc2000                vector983
                0x00fc2000                vector307
                0x00fc2000                vector1011
                0x00fc2000                vector224
                0x00fc2000                vector872
                0x00fc2000                vector432
                0x00fc2000                vector1018
                0x00fc2000                vector728
                0x00fc2000                vector21
                0x00fc2000                vector41
                0x00fc2000                vector378
                0x00fc2000                vector790
                0x00fc2000                vector381
                0x00fc2000                vector346
                0x00fc2000                vector940
                0x00fc2000                vector738
                0x00fc2000                vector970
                0x00fc2000                vector998
                0x00fc2000                vector436
                0x00fc2000                vector524
                0x00fc2000                vector174
                0x00fc2000                vector924
                0x00fc2000                vector993
                0x00fc2000                vector613
                0x00fc2000                vector450
                0x00fc2000                vector889
                0x00fc2000                vector300
                0x00fc2000                vector798
                0x00fc2000                vector362
                0x00fc2000                vector211
                0x00fc2000                vector418
                0x00fc2000                vector492
                0x00fc2000                vector495
                0x00fc2000                vector128
                0x00fc2000                vector460
                0x00fc2000                vector51
                0x00fc2000                vector16
                0x00fc2000                vector960
                0x00fc2000                vector714
                0x00fc2000                vector13
                0x00fc2000                vector677
                0x00fc2000                vector753
                0x00fc2000                vector844
                0x00fc2000                vector552
                0x00fc2000                vector765
                0x00fc2000                vector1008
                0x00fc2000                vector1001
                0x00fc2000                vector763
                0x00fc2000                vector953
                0x00fc2000                vector652
                0x00fc2000                vector282
                0x00fc2000                vector608
                0x00fc2000                vector238
                0x00fc2000                vector38
                0x00fc2000                vector178
                0x00fc2000                vector650
                0x00fc2000                vector280
                0x00fc2000                vector980
                0x00fc2000                vector1
                0x00fc2000                vector528
                0x00fc2000                vector557
                0x00fc2000                vector697
                0x00fc2000                vector311
                0x00fc2000                vector929
                0x00fc2000                vector349
                0x00fc2000                vector354
                0x00fc2000                vector624
                0x00fc2000                vector254
                0x00fc2000                vector687
                0x00fc2000                vector967
                0x00fc2000                vector133
                0x00fc2000                vector144
                0x00fc2000                vector644
                0x00fc2000                vector274
                0x00fc2000                vector737
                0x00fc2000                vector269
                0x00fc2000                vector639
                0x00fc2000                vector568
                0x00fc2000                vector165
                0x00fc2000                vector571
                0x00fc2000                vector535
                0x00fc2000                vector185
                0x00fc2000                vector760
                0x00fc2000                vector515
                0x00fc2000                vector496
                0x00fc2000                vector682
                0x00fc2000                vector451
                0x00fc2000                vector900
                0x00fc2000                vector750
                0x00fc2000                vector435
                0x00fc2000                vector942
                0x00fc2000                vector748
                0x00fc2000                vector580
                0x00fc2000                vector709
                0x00fc2000                vector398
                0x00fc2000                vector430
                0x00fc2000                vector506
                0x00fc2000                vector156
                0x00fc2000                vector676
                0x00fc2000                vector412
                0x00fc2000                vector333
                0x00fc2000                vector817
                0x00fc2000                vector578
                0x00fc2000                vector122
                0x00fc2000                vector376
                0x00fc2000                vector43
                0x00fc2000                vector493
                0x00fc2000                vector256
                0x00fc2000                vector621
                0x00fc2000                vector251
                0x00fc2000                vector429
                0x00fc2000                _unhandled_irq
                0x00fc2000                vector626
                0x00fc2000                vector720
                0x00fc2000                vector767
                0x00fc2000                vector612
                0x00fc2000                vector242
                0x00fc2000                vector119
                0x00fc2000                vector829
                0x00fc2000                vector584
                0x00fc2000                vector345
                0x00fc2000                vector718
                0x00fc2000                vector296
                0x00fc2000                vector715
                0x00fc2000                vector213
                0x00fc2000                vector985
                0x00fc2000                vector947
                0x00fc2000                vector666
                0x00fc2000                vector419
                0x00fc2000                vector762
                0x00fc2000                vector795
                0x00fc2000                vector33
                0x00fc2000                vector512
                0x00fc2000                vector162
                0x00fc2000                vector975
                0x00fc2000                vector615
                0x00fc2000                vector816
                0x00fc2000                vector141
                0x00fc2000                vector812
                0x00fc2000                vector859
                0x00fc2000                vector961
                0x00fc2000                vector740
                0x00fc2000                vector348
                0x00fc2000                vector404
                0x00fc2000                vector783
                0x00fc2000                vector214
                0x00fc2000                vector870
                0x00fc2000                vector770
                0x00fc2000                vector954
                0x00fc2000                vector919
                0x00fc2000                vector522
                0x00fc2000                vector172
                0x00fc2000                vector3
                0x00fc2000                vector2
                0x00fc2000                vector359
                0x00fc2000                vector833
                0x00fc2000                vector565
                0x00fc2000                vector253
                0x00fc2000                vector623
                0x00fc2000                vector877
                0x00fc2000                vector461
                0x00fc2000                vector611
                0x00fc2000                vector241
                0x00fc2000                vector876
                0x00fc2000                vector819
                0x00fc2000                vector999
                0x00fc2000                vector431
                0x00fc2000                vector380
                0x00fc2000                vector862
                0x00fc2000                vector24
                0x00fc2000                vector711
                0x00fc2000                vector802
                0x00fc2000                vector7
                0x00fc2000                vector306
                0x00fc2000                vector1014
                0x00fc2000                vector539
                0x00fc2000                vector475
                0x00fc2000                vector189
                0x00fc2000                vector930
                0x00fc2000                vector200
                0x00fc2000                vector655
                0x00fc2000                vector773
                0x00fc2000                vector138
                0x00fc2000                vector864
                0x00fc2000                vector627
                0x00fc2000                vector257
                0x00fc2000                vector562
                0x00fc2000                vector974
                0x00fc2000                vector285
                0x00fc2000                vector414
                0x00fc2000                vector476
                0x00fc2000                vector736
                0x00fc2000                vector928
                0x00fc2000                vector595
                0x00fc2000                vector946
                0x00fc2000                vector1020
                0x00fc2000                vector648
                0x00fc2000                vector278
                0x00fc2000                vector384
                0x00fc2000                vector734
                0x00fc2000                vector236
                0x00fc2000                vector606
                0x00fc2000                vector779
                0x00fc2000                vector488
                0x00fc2000                vector932
                0x00fc2000                vector329
                0x00fc2000                vector747
                0x00fc2000                vector601
                0x00fc2000                vector968
                0x00fc2000                vector29
                0x00fc2000                vector408
                0x00fc2000                vector530
                0x00fc2000                vector463
                0x00fc2000                vector180
                0x00fc2000                vector632
                0x00fc2000                vector925
                0x00fc2000                vector357
                0x00fc2000                vector135
                0x00fc2000                vector796
                0x00fc2000                vector420
                0x00fc2000                vector314
                0x00fc2000                vector771
                0x00fc2000                vector23
                0x00fc2000                vector473
                0x00fc2000                vector458
                0x00fc2000                vector811
                0x00fc2000                vector962
                0x00fc2000                vector903
                0x00fc2000                vector554
                0x00fc2000                vector142
                0x00fc2000                vector860
                0x00fc2000                vector616
                0x00fc2000                vector858
                0x00fc2000                vector705
                0x00fc2000                vector331
                0x00fc2000                vector9
                0x00fc2000                vector327
                0x00fc2000                vector374
                0x00fc2000                vector201
                0x00fc2000                vector445
                0x00fc2000                vector678
                0x00fc2000                vector470
                0x00fc2000                vector758
                0x00fc2000                vector977
                0x00fc2000                vector631
                0x00fc2000                vector845
                0x00fc2000                vector745
                0x00fc2000                vector935
                0x00fc2000                vector792
                0x00fc2000                vector597
                0x00fc2000                vector361
                0x00fc2000                vector262
                0x00fc2000                vector996
                0x00fc2000                vector751
                0x00fc2000                vector570
                0x00fc2000                vector422
                0x00fc2000                vector853
                0x00fc2000                vector696
                0x00fc2000                vector443
                0x00fc2000                vector1021
                0x00fc2000                vector805
                0x00fc2000                vector297
                0x00fc2000                vector730
                0x00fc2000                vector896
                0x00fc2000                vector651
                0x00fc2000                vector281
                0x00fc2000                vector145
                0x00fc2000                vector777
                0x00fc2000                vector964
                0x00fc2000                vector700
                0x00fc2000                vector921
                0x00fc2000                vector1010
                0x00fc2000                vector724
                0x00fc2000                vector746
                0x00fc2000                vector301
                0x00fc2000                vector789
                0x00fc2000                vector40
                0x00fc2000                vector732
                0x00fc2000                vector486
                0x00fc2000                vector465
                0x00fc2000                vector898
                0x00fc2000                vector667
                0x00fc2000                vector828
                0x00fc2000                vector396
                0x00fc2000                vector526
                0x00fc2000                vector176
                0x00fc2000                vector857
                0x00fc2000                vector544
                0x00fc2000                vector402
                0x00fc2000                vector784
                0x00fc2000                vector208
                0x00fc2000                vector482
                0x00fc2000                vector438
                0x00fc2000                vector573
                0x00fc2000                vector707
                0x00fc2000                vector194
                0x00fc2000                vector32
                0x00fc2000                vector693
                0x00fc2000                vector131
                0x00fc2000                vector775
                0x00fc2000                vector622
                0x00fc2000                vector252
                0x00fc2000                vector0
                0x00fc2000                vector589
                0x00fc2000                vector448
                0x00fc2000                vector951
                0x00fc2000                vector810
                0x00fc2000                vector549
                0x00fc2000                vector199
                0x00fc2000                vector741
                0x00fc2000                vector788
                0x00fc2000                vector130
                0x00fc2000                vector377
                0x00fc2000                vector840
                0x00fc2000                vector409
                0x00fc2000                vector688
                0x00fc2000                vector313
                0x00fc2000                vector895
                0x00fc2000                vector440
                0x00fc2000                vector793
                0x00fc2000                vector885
                0x00fc2000                vector125
                0x00fc2000                vector1016
                0x00fc2000                vector645
                0x00fc2000                vector275
                0x00fc2000                vector483
                0x00fc2000                vector813
                0x00fc2000                vector702
                0x00fc2000                vector543
                0x00fc2000                vector193
                0x00fc2000                vector546
                0x00fc2000                vector196
                0x00fc2000                vector588
                0x00fc2000                vector875
                0x00fc2000                vector26
                0x00fc2000                vector391
                0x00fc2000                vector324
                0x00fc2000                vector981
                0x00fc2000                vector356
                0x00fc2000                vector216
                0x00fc2000                vector35
                0x00fc2000                vector871
                0x00fc2000                vector846
                0x00fc2000                vector305
                0x00fc2000                vector733
                0x00fc2000                vector778
                0x00fc2000                vector614
                0x00fc2000                vector453
                0x00fc2000                vector19
                0x00fc2000                vector839
                0x00fc2000                vector989
                0x00fc2000                vector610
                0x00fc2000                vector240
                0x00fc2000                vector791
                0x00fc2000                vector1006
                0x00fc2000                vector140
                0x00fc2000                vector498
                0x00fc2000                vector428
                0x00fc2000                vector39
                0x00fc2000                vector518
                0x00fc2000                vector168
                0x00fc2000                vector592
                0x00fc2000                vector673
                0x00fc2000                vector752
                0x00fc2000                vector806
                0x00fc2000                vector797
                0x00fc2000                vector45
                0x00fc2000                vector508
                0x00fc2000                vector158
                0x00fc2000                vector660
                0x00fc2000                vector290
                0x00fc2000                vector629
                0x00fc2000                vector183
                0x00fc2000                vector509
                0x00fc2000                vector159
                0x00fc2000                vector212
                0x00fc2000                vector856
                0x00fc2000                vector533
                0x00fc2000                vector825
                0x00fc2000                vector181
                0x00fc2000                vector890
                0x00fc2000                vector801
                0x00fc2000                vector558
                0x00fc2000                vector574
                0x00fc2000                vector672
                0x00fc2000                vector576
                0x00fc2000                vector899
                0x00fc2000                vector525
                0x00fc2000                vector175
                0x00fc2000                vector143
                0x00fc2000                vector913
                0x00fc2000                vector958
                0x00fc2000                vector674
                0x00fc2000                vector901
                0x00fc2000                vector47
                0x00fc2000                vector948
                0x00fc2000                vector228
                0x00fc2000                vector42
                0x00fc2000                vector334
                0x00fc2000                vector531
                0x00fc2000                vector371
                0x00fc2000                vector965
                0x00fc2000                vector691
                0x00fc2000                vector4
                0x00fc2000                vector706
                0x00fc2000                vector399
                0x00fc2000                vector478
                0x00fc2000                vector852
                0x00fc2000                vector259
                0x00fc2000                vector209
                0x00fc2000                vector369
                0x00fc2000                vector433
                0x00fc2000                vector917
                0x00fc2000                vector1004
                0x00fc2000                vector832
                0x00fc2000                vector395
                0x00fc2000                vector922
                0x00fc2000                vector625
                0x00fc2000                vector255
                0x00fc2000                vector400
                0x00fc2000                vector317
                0x00fc2000                vector560
                0x00fc2000                vector206
                0x00fc2000                vector520
                0x00fc2000                vector170
                0x00fc2000                vector136
                0x00fc2000                vector10
                0x00fc2000                vector808
                0x00fc2000                vector884

constructors    0x00fc2004        0x0
                [!provide]                PROVIDE (__init_array_start, .)
 *(SORT(.init_array.*))
 *(.init_array)
                [!provide]                PROVIDE (__init_array_end, .)

destructors     0x00fc2004        0x0
                [!provide]                PROVIDE (__fini_array_start, .)
 *(.fini_array)
 *(SORT(.fini_array.*))
                [!provide]                PROVIDE (__fini_array_end, .)

.text_vle
 *(.text_vle)
 *(.text_vle.*)
 *(.gnu.linkonce.t_vle.*)

.text           0x00fc2010     0xb426
 *(.text)
 .text          0x00fc2010       0x44 c:/autodevkitstudio-2.4.0/eclipse/plugins/com.st.tools.spc5.tools.gnu.gcc.ppcvle.win32_4.9.4.20200908161514/toolchain/bin/../lib/gcc/powerpc-eabivle/4.9.4/e200z4\libgcc.a(_fixunssfsi.o)
                0x00fc2010                __fixunssfsi
 *fill*         0x00fc2054        0xc 
 .text          0x00fc2060       0x56 c:/autodevkitstudio-2.4.0/eclipse/plugins/com.st.tools.spc5.tools.gnu.gcc.ppcvle.win32_4.9.4.20200908161514/toolchain/bin/../lib/gcc/powerpc-eabivle/4.9.4/e200z4\libgcc.a(_fixunsdfsi.o)
                0x00fc2060                __fixunsdfsi
 *fill*         0x00fc20b6        0xa 
 .text          0x00fc20c0      0x242 c:/autodevkitstudio-2.4.0/eclipse/plugins/com.st.tools.spc5.tools.gnu.gcc.ppcvle.win32_4.9.4.20200908161514/toolchain/bin/../lib/gcc/powerpc-eabivle/4.9.4/e200z4\libgcc.a(_addsub_sf.o)
                0x00fc2264                __addsf3
                0x00fc22b0                __subsf3
 *fill*         0x00fc2302        0xe 
 .text          0x00fc2310      0x17e c:/autodevkitstudio-2.4.0/eclipse/plugins/com.st.tools.spc5.tools.gnu.gcc.ppcvle.win32_4.9.4.20200908161514/toolchain/bin/../lib/gcc/powerpc-eabivle/4.9.4/e200z4\libgcc.a(_mul_sf.o)
                0x00fc2310                __mulsf3
 *fill*         0x00fc248e        0x2 
 .text          0x00fc2490       0xfc c:/autodevkitstudio-2.4.0/eclipse/plugins/com.st.tools.spc5.tools.gnu.gcc.ppcvle.win32_4.9.4.20200908161514/toolchain/bin/../lib/gcc/powerpc-eabivle/4.9.4/e200z4\libgcc.a(_div_sf.o)
                0x00fc2490                __divsf3
 *fill*         0x00fc258c        0x4 
 .text          0x00fc2590       0x5a c:/autodevkitstudio-2.4.0/eclipse/plugins/com.st.tools.spc5.tools.gnu.gcc.ppcvle.win32_4.9.4.20200908161514/toolchain/bin/../lib/gcc/powerpc-eabivle/4.9.4/e200z4\libgcc.a(_gt_sf.o)
                0x00fc2590                __gtsf2
 *fill*         0x00fc25ea        0x6 
 .text          0x00fc25f0       0x5a c:/autodevkitstudio-2.4.0/eclipse/plugins/com.st.tools.spc5.tools.gnu.gcc.ppcvle.win32_4.9.4.20200908161514/toolchain/bin/../lib/gcc/powerpc-eabivle/4.9.4/e200z4\libgcc.a(_ge_sf.o)
                0x00fc25f0                __gesf2
 *fill*         0x00fc264a        0x6 
 .text          0x00fc2650       0x5a c:/autodevkitstudio-2.4.0/eclipse/plugins/com.st.tools.spc5.tools.gnu.gcc.ppcvle.win32_4.9.4.20200908161514/toolchain/bin/../lib/gcc/powerpc-eabivle/4.9.4/e200z4\libgcc.a(_lt_sf.o)
                0x00fc2650                __ltsf2
 *fill*         0x00fc26aa        0x6 
 .text          0x00fc26b0       0x5a c:/autodevkitstudio-2.4.0/eclipse/plugins/com.st.tools.spc5.tools.gnu.gcc.ppcvle.win32_4.9.4.20200908161514/toolchain/bin/../lib/gcc/powerpc-eabivle/4.9.4/e200z4\libgcc.a(_le_sf.o)
                0x00fc26b0                __lesf2
 *fill*         0x00fc270a        0x6 
 .text          0x00fc2710       0x6a c:/autodevkitstudio-2.4.0/eclipse/plugins/com.st.tools.spc5.tools.gnu.gcc.ppcvle.win32_4.9.4.20200908161514/toolchain/bin/../lib/gcc/powerpc-eabivle/4.9.4/e200z4\libgcc.a(_si_to_sf.o)
                0x00fc2710                __floatsisf
 *fill*         0x00fc277a        0x6 
 .text          0x00fc2780       0x88 c:/autodevkitstudio-2.4.0/eclipse/plugins/com.st.tools.spc5.tools.gnu.gcc.ppcvle.win32_4.9.4.20200908161514/toolchain/bin/../lib/gcc/powerpc-eabivle/4.9.4/e200z4\libgcc.a(_sf_to_si.o)
                0x00fc2780                __fixsfsi
 *fill*         0x00fc2808        0x8 
 .text          0x00fc2810       0x38 c:/autodevkitstudio-2.4.0/eclipse/plugins/com.st.tools.spc5.tools.gnu.gcc.ppcvle.win32_4.9.4.20200908161514/toolchain/bin/../lib/gcc/powerpc-eabivle/4.9.4/e200z4\libgcc.a(_sf_to_df.o)
                0x00fc2810                __extendsfdf2
 *fill*         0x00fc2848        0x8 
 .text          0x00fc2850       0x84 c:/autodevkitstudio-2.4.0/eclipse/plugins/com.st.tools.spc5.tools.gnu.gcc.ppcvle.win32_4.9.4.20200908161514/toolchain/bin/../lib/gcc/powerpc-eabivle/4.9.4/e200z4\libgcc.a(_usi_to_sf.o)
                0x00fc2850                __floatunsisf
 *fill*         0x00fc28d4        0xc 
 .text          0x00fc28e0      0x376 c:/autodevkitstudio-2.4.0/eclipse/plugins/com.st.tools.spc5.tools.gnu.gcc.ppcvle.win32_4.9.4.20200908161514/toolchain/bin/../lib/gcc/powerpc-eabivle/4.9.4/e200z4\libgcc.a(_addsub_df.o)
                0x00fc2b98                __adddf3
                0x00fc2bf4                __subdf3
 *fill*         0x00fc2c56        0xa 
 .text          0x00fc2c60      0x264 c:/autodevkitstudio-2.4.0/eclipse/plugins/com.st.tools.spc5.tools.gnu.gcc.ppcvle.win32_4.9.4.20200908161514/toolchain/bin/../lib/gcc/powerpc-eabivle/4.9.4/e200z4\libgcc.a(_mul_df.o)
                0x00fc2c60                __muldf3
 *fill*         0x00fc2ec4        0xc 
 .text          0x00fc2ed0      0x17e c:/autodevkitstudio-2.4.0/eclipse/plugins/com.st.tools.spc5.tools.gnu.gcc.ppcvle.win32_4.9.4.20200908161514/toolchain/bin/../lib/gcc/powerpc-eabivle/4.9.4/e200z4\libgcc.a(_div_df.o)
                0x00fc2ed0                __divdf3
 *fill*         0x00fc304e        0x2 
 .text          0x00fc3050       0x64 c:/autodevkitstudio-2.4.0/eclipse/plugins/com.st.tools.spc5.tools.gnu.gcc.ppcvle.win32_4.9.4.20200908161514/toolchain/bin/../lib/gcc/powerpc-eabivle/4.9.4/e200z4\libgcc.a(_eq_df.o)
                0x00fc3050                __eqdf2
 *fill*         0x00fc30b4        0xc 
 .text          0x00fc30c0       0x64 c:/autodevkitstudio-2.4.0/eclipse/plugins/com.st.tools.spc5.tools.gnu.gcc.ppcvle.win32_4.9.4.20200908161514/toolchain/bin/../lib/gcc/powerpc-eabivle/4.9.4/e200z4\libgcc.a(_gt_df.o)
                0x00fc30c0                __gtdf2
 *fill*         0x00fc3124        0xc 
 .text          0x00fc3130       0x64 c:/autodevkitstudio-2.4.0/eclipse/plugins/com.st.tools.spc5.tools.gnu.gcc.ppcvle.win32_4.9.4.20200908161514/toolchain/bin/../lib/gcc/powerpc-eabivle/4.9.4/e200z4\libgcc.a(_ge_df.o)
                0x00fc3130                __gedf2
 *fill*         0x00fc3194        0xc 
 .text          0x00fc31a0       0x80 c:/autodevkitstudio-2.4.0/eclipse/plugins/com.st.tools.spc5.tools.gnu.gcc.ppcvle.win32_4.9.4.20200908161514/toolchain/bin/../lib/gcc/powerpc-eabivle/4.9.4/e200z4\libgcc.a(_si_to_df.o)
                0x00fc31a0                __floatsidf
 .text          0x00fc3220       0xa4 c:/autodevkitstudio-2.4.0/eclipse/plugins/com.st.tools.spc5.tools.gnu.gcc.ppcvle.win32_4.9.4.20200908161514/toolchain/bin/../lib/gcc/powerpc-eabivle/4.9.4/e200z4\libgcc.a(_df_to_si.o)
                0x00fc3220                __fixdfsi
 *fill*         0x00fc32c4        0xc 
 .text          0x00fc32d0       0x26 c:/autodevkitstudio-2.4.0/eclipse/plugins/com.st.tools.spc5.tools.gnu.gcc.ppcvle.win32_4.9.4.20200908161514/toolchain/bin/../lib/gcc/powerpc-eabivle/4.9.4/e200z4\libgcc.a(_make_df.o)
                0x00fc32d0                __make_dp
 *fill*         0x00fc32f6        0xa 
 .text          0x00fc3300       0x46 c:/autodevkitstudio-2.4.0/eclipse/plugins/com.st.tools.spc5.tools.gnu.gcc.ppcvle.win32_4.9.4.20200908161514/toolchain/bin/../lib/gcc/powerpc-eabivle/4.9.4/e200z4\libgcc.a(_df_to_sf.o)
                0x00fc3300                __truncdfsf2
 *fill*         0x00fc3346        0xa 
 .text          0x00fc3350       0x52 c:/autodevkitstudio-2.4.0/eclipse/plugins/com.st.tools.spc5.tools.gnu.gcc.ppcvle.win32_4.9.4.20200908161514/toolchain/bin/../lib/gcc/powerpc-eabivle/4.9.4/e200z4\libgcc.a(e200crtresxgpr.o)
                0x00fc3350                _restgpr_14_x
                0x00fc3354                _restgpr_15_x
                0x00fc3358                _restgpr_16_x
                0x00fc335c                _restgpr_17_x
                0x00fc3360                _restgpr_18_x
                0x00fc3364                _restgpr_19_x
                0x00fc3368                _restgpr_20_x
                0x00fc336c                _restgpr_21_x
                0x00fc3370                _restgpr_22_x
                0x00fc3374                _restgpr_23_x
                0x00fc3378                _restgpr_24_x
                0x00fc337c                _restgpr_25_x
                0x00fc3380                _restgpr_26_x
                0x00fc3384                _restgpr_27_x
                0x00fc3388                _restgpr_28_x
                0x00fc338c                _restgpr_29_x
                0x00fc3390                _restgpr_30_x
                0x00fc3394                _restgpr_31_x
 *fill*         0x00fc33a2        0xe 
 .text          0x00fc33b0      0x118 c:/autodevkitstudio-2.4.0/eclipse/plugins/com.st.tools.spc5.tools.gnu.gcc.ppcvle.win32_4.9.4.20200908161514/toolchain/bin/../lib/gcc/powerpc-eabivle/4.9.4/e200z4\libgcc.a(_pack_sf.o)
                0x00fc33b0                __pack_f
 *fill*         0x00fc34c8        0x8 
 .text          0x00fc34d0       0x80 c:/autodevkitstudio-2.4.0/eclipse/plugins/com.st.tools.spc5.tools.gnu.gcc.ppcvle.win32_4.9.4.20200908161514/toolchain/bin/../lib/gcc/powerpc-eabivle/4.9.4/e200z4\libgcc.a(_unpack_sf.o)
                0x00fc34d0                __unpack_f
 .text          0x00fc3550       0xa2 c:/autodevkitstudio-2.4.0/eclipse/plugins/com.st.tools.spc5.tools.gnu.gcc.ppcvle.win32_4.9.4.20200908161514/toolchain/bin/../lib/gcc/powerpc-eabivle/4.9.4/e200z4\libgcc.a(_fpcmp_parts_sf.o)
                0x00fc3550                __fpcmp_parts_f
 *fill*         0x00fc35f2        0xe 
 .text          0x00fc3600       0x20 c:/autodevkitstudio-2.4.0/eclipse/plugins/com.st.tools.spc5.tools.gnu.gcc.ppcvle.win32_4.9.4.20200908161514/toolchain/bin/../lib/gcc/powerpc-eabivle/4.9.4/e200z4\libgcc.a(_make_sf.o)
                0x00fc3600                __make_fp
 .text          0x00fc3620      0x1fc c:/autodevkitstudio-2.4.0/eclipse/plugins/com.st.tools.spc5.tools.gnu.gcc.ppcvle.win32_4.9.4.20200908161514/toolchain/bin/../lib/gcc/powerpc-eabivle/4.9.4/e200z4\libgcc.a(_pack_df.o)
                0x00fc3620                __pack_d
 *fill*         0x00fc381c        0x4 
 .text          0x00fc3820       0xb0 c:/autodevkitstudio-2.4.0/eclipse/plugins/com.st.tools.spc5.tools.gnu.gcc.ppcvle.win32_4.9.4.20200908161514/toolchain/bin/../lib/gcc/powerpc-eabivle/4.9.4/e200z4\libgcc.a(_unpack_df.o)
                0x00fc3820                __unpack_d
 .text          0x00fc38d0       0xba c:/autodevkitstudio-2.4.0/eclipse/plugins/com.st.tools.spc5.tools.gnu.gcc.ppcvle.win32_4.9.4.20200908161514/toolchain/bin/../lib/gcc/powerpc-eabivle/4.9.4/e200z4\libgcc.a(_fpcmp_parts_df.o)
                0x00fc38d0                __fpcmp_parts_d
 *(.text.*)
 *fill*         0x00fc398a        0x6 
 .text.spc5LLDInit
                0x00fc3990       0x26 build/obj/spc5_lld.o
                0x00fc3990                spc5LLDInit
 *fill*         0x00fc39b6        0xa 
 .text.vector52
                0x00fc39c0       0x9a build/obj/spc5_edma.o
                0x00fc39c0                vector52
 *fill*         0x00fc3a5a        0x6 
 .text.vector53
                0x00fc3a60       0x5c build/obj/spc5_edma.o
                0x00fc3a60                vector53
 *fill*         0x00fc3abc        0x4 
 .text.vector54
                0x00fc3ac0       0x5c build/obj/spc5_edma.o
                0x00fc3ac0                vector54
 *fill*         0x00fc3b1c        0x4 
 .text.vector55
                0x00fc3b20       0x5c build/obj/spc5_edma.o
                0x00fc3b20                vector55
 *fill*         0x00fc3b7c        0x4 
 .text.vector56
                0x00fc3b80       0x5c build/obj/spc5_edma.o
                0x00fc3b80                vector56
 *fill*         0x00fc3bdc        0x4 
 .text.vector57
                0x00fc3be0       0x5c build/obj/spc5_edma.o
                0x00fc3be0                vector57
 *fill*         0x00fc3c3c        0x4 
 .text.vector58
                0x00fc3c40       0x5c build/obj/spc5_edma.o
                0x00fc3c40                vector58
 *fill*         0x00fc3c9c        0x4 
 .text.vector59
                0x00fc3ca0       0x5c build/obj/spc5_edma.o
                0x00fc3ca0                vector59
 *fill*         0x00fc3cfc        0x4 
 .text.vector60
                0x00fc3d00       0x5c build/obj/spc5_edma.o
                0x00fc3d00                vector60
 *fill*         0x00fc3d5c        0x4 
 .text.vector61
                0x00fc3d60       0x5c build/obj/spc5_edma.o
                0x00fc3d60                vector61
 *fill*         0x00fc3dbc        0x4 
 .text.vector62
                0x00fc3dc0       0x5c build/obj/spc5_edma.o
                0x00fc3dc0                vector62
 *fill*         0x00fc3e1c        0x4 
 .text.vector63
                0x00fc3e20       0x5c build/obj/spc5_edma.o
                0x00fc3e20                vector63
 *fill*         0x00fc3e7c        0x4 
 .text.vector64
                0x00fc3e80       0x5c build/obj/spc5_edma.o
                0x00fc3e80                vector64
 *fill*         0x00fc3edc        0x4 
 .text.vector65
                0x00fc3ee0       0x5c build/obj/spc5_edma.o
                0x00fc3ee0                vector65
 *fill*         0x00fc3f3c        0x4 
 .text.vector66
                0x00fc3f40       0x5c build/obj/spc5_edma.o
                0x00fc3f40                vector66
 *fill*         0x00fc3f9c        0x4 
 .text.vector67
                0x00fc3fa0       0x5c build/obj/spc5_edma.o
                0x00fc3fa0                vector67
 *fill*         0x00fc3ffc        0x4 
 .text.vector68
                0x00fc4000       0x5c build/obj/spc5_edma.o
                0x00fc4000                vector68
 *fill*         0x00fc405c        0x4 
 .text.vector69
                0x00fc4060       0x60 build/obj/spc5_edma.o
                0x00fc4060                vector69
 .text.vector70
                0x00fc40c0       0x60 build/obj/spc5_edma.o
                0x00fc40c0                vector70
 .text.vector71
                0x00fc4120       0x60 build/obj/spc5_edma.o
                0x00fc4120                vector71
 .text.vector72
                0x00fc4180       0x60 build/obj/spc5_edma.o
                0x00fc4180                vector72
 .text.vector73
                0x00fc41e0       0x60 build/obj/spc5_edma.o
                0x00fc41e0                vector73
 .text.vector74
                0x00fc4240       0x60 build/obj/spc5_edma.o
                0x00fc4240                vector74
 .text.vector75
                0x00fc42a0       0x60 build/obj/spc5_edma.o
                0x00fc42a0                vector75
 .text.vector76
                0x00fc4300       0x60 build/obj/spc5_edma.o
                0x00fc4300                vector76
 .text.vector77
                0x00fc4360       0x60 build/obj/spc5_edma.o
                0x00fc4360                vector77
 .text.vector78
                0x00fc43c0       0x60 build/obj/spc5_edma.o
                0x00fc43c0                vector78
 .text.vector79
                0x00fc4420       0x60 build/obj/spc5_edma.o
                0x00fc4420                vector79
 .text.vector80
                0x00fc4480       0x60 build/obj/spc5_edma.o
                0x00fc4480                vector80
 .text.vector81
                0x00fc44e0       0x60 build/obj/spc5_edma.o
                0x00fc44e0                vector81
 .text.vector82
                0x00fc4540       0x60 build/obj/spc5_edma.o
                0x00fc4540                vector82
 .text.vector83
                0x00fc45a0       0x60 build/obj/spc5_edma.o
                0x00fc45a0                vector83
 .text.vector84
                0x00fc4600       0x60 build/obj/spc5_edma.o
                0x00fc4600                vector84
 .text.vector85
                0x00fc4660       0x60 build/obj/spc5_edma.o
                0x00fc4660                vector85
 .text.vector86
                0x00fc46c0       0x60 build/obj/spc5_edma.o
                0x00fc46c0                vector86
 .text.vector87
                0x00fc4720       0x60 build/obj/spc5_edma.o
                0x00fc4720                vector87
 .text.vector88
                0x00fc4780       0x60 build/obj/spc5_edma.o
                0x00fc4780                vector88
 .text.vector89
                0x00fc47e0       0x60 build/obj/spc5_edma.o
                0x00fc47e0                vector89
 .text.vector90
                0x00fc4840       0x60 build/obj/spc5_edma.o
                0x00fc4840                vector90
 .text.vector91
                0x00fc48a0       0x60 build/obj/spc5_edma.o
                0x00fc48a0                vector91
 .text.vector92
                0x00fc4900       0x60 build/obj/spc5_edma.o
                0x00fc4900                vector92
 .text.vector93
                0x00fc4960       0x60 build/obj/spc5_edma.o
                0x00fc4960                vector93
 .text.vector94
                0x00fc49c0       0x60 build/obj/spc5_edma.o
                0x00fc49c0                vector94
 .text.vector95
                0x00fc4a20       0x60 build/obj/spc5_edma.o
                0x00fc4a20                vector95
 .text.vector96
                0x00fc4a80       0x60 build/obj/spc5_edma.o
                0x00fc4a80                vector96
 .text.vector97
                0x00fc4ae0       0x60 build/obj/spc5_edma.o
                0x00fc4ae0                vector97
 .text.vector98
                0x00fc4b40       0x60 build/obj/spc5_edma.o
                0x00fc4b40                vector98
 .text.vector99
                0x00fc4ba0       0x60 build/obj/spc5_edma.o
                0x00fc4ba0                vector99
 .text.vector100
                0x00fc4c00       0x60 build/obj/spc5_edma.o
                0x00fc4c00                vector100
 .text.vector101
                0x00fc4c60       0x60 build/obj/spc5_edma.o
                0x00fc4c60                vector101
 .text.vector102
                0x00fc4cc0       0x60 build/obj/spc5_edma.o
                0x00fc4cc0                vector102
 .text.vector103
                0x00fc4d20       0x60 build/obj/spc5_edma.o
                0x00fc4d20                vector103
 .text.vector104
                0x00fc4d80       0x60 build/obj/spc5_edma.o
                0x00fc4d80                vector104
 .text.vector105
                0x00fc4de0       0x60 build/obj/spc5_edma.o
                0x00fc4de0                vector105
 .text.vector106
                0x00fc4e40       0x60 build/obj/spc5_edma.o
                0x00fc4e40                vector106
 .text.vector107
                0x00fc4ea0       0x60 build/obj/spc5_edma.o
                0x00fc4ea0                vector107
 .text.vector108
                0x00fc4f00       0x60 build/obj/spc5_edma.o
                0x00fc4f00                vector108
 .text.vector109
                0x00fc4f60       0x60 build/obj/spc5_edma.o
                0x00fc4f60                vector109
 .text.vector110
                0x00fc4fc0       0x60 build/obj/spc5_edma.o
                0x00fc4fc0                vector110
 .text.vector111
                0x00fc5020       0x60 build/obj/spc5_edma.o
                0x00fc5020                vector111
 .text.vector112
                0x00fc5080       0x60 build/obj/spc5_edma.o
                0x00fc5080                vector112
 .text.vector113
                0x00fc50e0       0x60 build/obj/spc5_edma.o
                0x00fc50e0                vector113
 .text.vector114
                0x00fc5140       0x60 build/obj/spc5_edma.o
                0x00fc5140                vector114
 .text.vector115
                0x00fc51a0       0x60 build/obj/spc5_edma.o
                0x00fc51a0                vector115
 .text.vector116
                0x00fc5200       0x60 build/obj/spc5_edma.o
                0x00fc5200                vector116
 .text.edmaInit
                0x00fc5260       0xd2 build/obj/spc5_edma.o
                0x00fc5260                edmaInit
 *fill*         0x00fc5332        0xe 
 .text.can_lld_getframesize
                0x00fc5340       0x3e build/obj/can_lld.o
                0x00fc5340                can_lld_getframesize
 *fill*         0x00fc537e        0x2 
 .text.can_lld_readBuffer
                0x00fc5380      0x12a build/obj/can_lld.o
                0x00fc5380                can_lld_readBuffer
 *fill*         0x00fc54aa        0x6 
 .text.can_lld_getDLC
                0x00fc54b0       0x48 build/obj/can_lld.o
                0x00fc54b0                can_lld_getDLC
 *fill*         0x00fc54f8        0x8 
 .text.can_lld_writeTxBuffer
                0x00fc5500      0x108 build/obj/can_lld.o
                0x00fc5500                can_lld_writeTxBuffer
 *fill*         0x00fc5608        0x8 
 .text.vector694
                0x00fc5610      0x4e6 build/obj/can_lld.o
                0x00fc5610                vector694
 *fill*         0x00fc5af6        0xa 
 .text.vector695
                0x00fc5b00      0x4a4 build/obj/can_lld.o
                0x00fc5b00                vector695
 *fill*         0x00fc5fa4        0xc 
 .text.can_lld_init
                0x00fc5fb0       0x5e build/obj/can_lld.o
                0x00fc5fb0                can_lld_init
 *fill*         0x00fc600e        0x2 
 .text.can_lld_start
                0x00fc6010      0x734 build/obj/can_lld.o
                0x00fc6010                can_lld_start
 *fill*         0x00fc6744        0xc 
 .text.can_lld_transmit
                0x00fc6750      0x120 build/obj/can_lld.o
                0x00fc6750                can_lld_transmit
 .text.spc5xx_serve_rxi_interrupt
                0x00fc6870       0xbe build/obj/serial_lld.o
 *fill*         0x00fc692e        0x2 
 .text.spc5xx_serve_txi_interrupt
                0x00fc6930       0x70 build/obj/serial_lld.o
 .text.spc5xx_serve_err_interrupt
                0x00fc69a0        0xa build/obj/serial_lld.o
 *fill*         0x00fc69aa        0x6 
 .text.sd_lld_init
                0x00fc69b0       0x4e build/obj/serial_lld.o
                0x00fc69b0                sd_lld_init
 *fill*         0x00fc69fe        0x2 
 .text.sd_lld_start
                0x00fc6a00       0x9c build/obj/serial_lld.o
                0x00fc6a00                sd_lld_start
 *fill*         0x00fc6a9c        0x4 
 .text.vector229
                0x00fc6aa0       0x32 build/obj/pit_lld.o
                0x00fc6aa0                vector229
 *fill*         0x00fc6ad2        0xe 
 .text.vector230
                0x00fc6ae0       0x32 build/obj/pit_lld.o
                0x00fc6ae0                vector230
 *fill*         0x00fc6b12        0xe 
 .text.vector231
                0x00fc6b20       0x34 build/obj/pit_lld.o
                0x00fc6b20                vector231
 *fill*         0x00fc6b54        0xc 
 .text.pit_lld_init
                0x00fc6b60       0x2e build/obj/pit_lld.o
                0x00fc6b60                pit_lld_init
 *fill*         0x00fc6b8e        0x2 
 .text.pit_lld_start
                0x00fc6b90        0x4 build/obj/pit_lld.o
                0x00fc6b90                pit_lld_start
 *fill*         0x00fc6b94        0xc 
 .text.pit_lld_channel_start
                0x00fc6ba0       0xa6 build/obj/pit_lld.o
                0x00fc6ba0                pit_lld_channel_start
 *fill*         0x00fc6c46        0xa 
 .text.spi_dspi_prefill_txfifo_idle
                0x00fc6c50       0xac build/obj/spi_lld.o
 *fill*         0x00fc6cfc        0x4 
 .text.spi_dspi_prefill_txfifo8
                0x00fc6d00       0x8c build/obj/spi_lld.o
 *fill*         0x00fc6d8c        0x4 
 .text.spi_dspi_prefill_txfifo16
                0x00fc6d90       0xa8 build/obj/spi_lld.o
 *fill*         0x00fc6e38        0x8 
 .text.spi_dspi_prefill_txfifo32
                0x00fc6e40       0xe0 build/obj/spi_lld.o
 .text.spi_start_tx8
                0x00fc6f20       0x5a build/obj/spi_lld.o
 *fill*         0x00fc6f7a        0x6 
 .text.spi_start_tx16
                0x00fc6f80       0x5a build/obj/spi_lld.o
 *fill*         0x00fc6fda        0x6 
 .text.spi_start_tx32
                0x00fc6fe0       0x5a build/obj/spi_lld.o
 *fill*         0x00fc703a        0x6 
 .text.vector263
                0x00fc7040      0x13c build/obj/spi_lld.o
                0x00fc7040                vector263
 *fill*         0x00fc717c        0x4 
 .text.vector260
                0x00fc7180      0x106 build/obj/spi_lld.o
                0x00fc7180                vector260
 *fill*         0x00fc7286        0xa 
 .text.vector261
                0x00fc7290       0xa8 build/obj/spi_lld.o
                0x00fc7290                vector261
 *fill*         0x00fc7338        0x8 
 .text.spi_lld_init
                0x00fc7340       0x32 build/obj/spi_lld.o
                0x00fc7340                spi_lld_init
 *fill*         0x00fc7372        0xe 
 .text.spi_lld_start
                0x00fc7380       0xae build/obj/spi_lld.o
                0x00fc7380                spi_lld_start
 *fill*         0x00fc742e        0x2 
 .text.spi_lld_exchange
                0x00fc7430       0x8c build/obj/spi_lld.o
                0x00fc7430                spi_lld_exchange
 *fill*         0x00fc74bc        0x4 
 .text.spi_lld_receive
                0x00fc74c0       0xa4 build/obj/spi_lld.o
                0x00fc74c0                spi_lld_receive
 *fill*         0x00fc7564        0xc 
 .text.vector247
                0x00fc7570       0x70 build/obj/wkpu_lld.o
                0x00fc7570                vector247
 .text.vector248
                0x00fc75e0       0x76 build/obj/wkpu_lld.o
                0x00fc75e0                vector248
 *fill*         0x00fc7656        0xa 
 .text.vector249
                0x00fc7660       0x76 build/obj/wkpu_lld.o
                0x00fc7660                vector249
 *fill*         0x00fc76d6        0xa 
 .text.vector250
                0x00fc76e0       0x74 build/obj/wkpu_lld.o
                0x00fc76e0                vector250
 *fill*         0x00fc7754        0xc 
 .text.wkpu_lld_init
                0x00fc7760       0x4a build/obj/wkpu_lld.o
                0x00fc7760                wkpu_lld_init
 *fill*         0x00fc77aa        0x6 
 .text.wkpu_lld_start
                0x00fc77b0      0x1cc build/obj/wkpu_lld.o
                0x00fc77b0                wkpu_lld_start
 *fill*         0x00fc797c        0x4 
 .text.vector392
                0x00fc7980       0x12 build/obj/spc5_linflex.o
                0x00fc7980                vector392
 *fill*         0x00fc7992        0xe 
 .text.vector393
                0x00fc79a0       0x12 build/obj/spc5_linflex.o
                0x00fc79a0                vector393
 *fill*         0x00fc79b2        0xe 
 .text.vector394
                0x00fc79c0       0x12 build/obj/spc5_linflex.o
                0x00fc79c0                vector394
 *fill*         0x00fc79d2        0xe 
 .text.linflex_lld_init
                0x00fc79e0       0x28 build/obj/spc5_linflex.o
                0x00fc79e0                linflex_lld_init
 *fill*         0x00fc7a08        0x8 
 .text.AEK_COM_ISOSPI_SetAsSlave
                0x00fc7a10       0x3c build/obj/AEK_COM_ISOSPI1_lld.o
                0x00fc7a10                AEK_COM_ISOSPI_SetAsSlave
 *fill*         0x00fc7a4c        0x4 
 .text.AEK_COM_ISOSPI_EnableTransceiverComm
                0x00fc7a50       0x3c build/obj/AEK_COM_ISOSPI1_lld.o
                0x00fc7a50                AEK_COM_ISOSPI_EnableTransceiverComm
 *fill*         0x00fc7a8c        0x4 
 .text.AEK_COM_ISOSPI_EnableTransceiver
                0x00fc7a90       0x3c build/obj/AEK_COM_ISOSPI1_lld.o
                0x00fc7a90                AEK_COM_ISOSPI_EnableTransceiver
 *fill*         0x00fc7acc        0x4 
 .text.AEK_COM_ISOSPI_ISOTX_Attenuate
                0x00fc7ad0       0x3c build/obj/AEK_COM_ISOSPI1_lld.o
                0x00fc7ad0                AEK_COM_ISOSPI_ISOTX_Attenuate
 *fill*         0x00fc7b0c        0x4 
 .text.AEK_COM_ISOSPI_GetFault
                0x00fc7b10       0x60 build/obj/AEK_COM_ISOSPI1_lld.o
                0x00fc7b10                AEK_COM_ISOSPI_GetFault
 .text.AEK_COM_ISOSPI_ConfigISOFreq
                0x00fc7b70       0x48 build/obj/AEK_COM_ISOSPI1_lld.o
                0x00fc7b70                AEK_COM_ISOSPI_ConfigISOFreq
 *fill*         0x00fc7bb8        0x8 
 .text.AEK_POW_BMS63EN_SetUpSPIData
                0x00fc7bc0      0x140 build/obj/AEK_POW_BMS63EN_lld.o
 .text.AEK_POW_BMS63EN_ObjectInit
                0x00fc7d00       0x10 build/obj/AEK_POW_BMS63EN_lld.o
                0x00fc7d00                AEK_POW_BMS63EN_ObjectInit
 .text.AEK_POW_BMS63EN_Start
                0x00fc7d10       0x54 build/obj/AEK_POW_BMS63EN_lld.o
                0x00fc7d10                AEK_POW_BMS63EN_Start
 *fill*         0x00fc7d64        0xc 
 .text.AEK_POW_BMS63EN_SPIQueuedAccess
                0x00fc7d70       0x98 build/obj/AEK_POW_BMS63EN_lld.o
                0x00fc7d70                AEK_POW_BMS63EN_SPIQueuedAccess
 *fill*         0x00fc7e08        0x8 
 .text.AEK_POW_BMS63EN_SPIBurstAccess
                0x00fc7e10       0xd2 build/obj/AEK_POW_BMS63EN_lld.o
                0x00fc7e10                AEK_POW_BMS63EN_SPIBurstAccess
 *fill*         0x00fc7ee2        0xe 
 .text.AEK_POW_BMS63EN_SPIWriteRegister
                0x00fc7ef0       0x36 build/obj/AEK_POW_BMS63EN_lld.o
                0x00fc7ef0                AEK_POW_BMS63EN_SPIWriteRegister
 *fill*         0x00fc7f26        0xa 
 .text.AEK_POW_BMS63EN_SPIBroadcastAccess
                0x00fc7f30       0x2e build/obj/AEK_POW_BMS63EN_lld.o
                0x00fc7f30                AEK_POW_BMS63EN_SPIBroadcastAccess
 *fill*         0x00fc7f5e        0x2 
 .text.AEK_POW_BMS63EN_SPIReadRegister
                0x00fc7f60       0x4a build/obj/AEK_POW_BMS63EN_lld.o
                0x00fc7f60                AEK_POW_BMS63EN_SPIReadRegister
 *fill*         0x00fc7faa        0x6 
 .text.AEK_POW_BMS63EN_Get_Conf_OVL
                0x00fc7fb0       0x3a build/obj/AEK_POW_BMS63EN_id.o
                0x00fc7fb0                AEK_POW_BMS63EN_Get_Conf_OVL
 *fill*         0x00fc7fea        0x6 
 .text.AEK_POW_BMS63EN_EnableCoulombCounting
                0x00fc7ff0       0x42 build/obj/AEK_POW_BMS63EN_id.o
                0x00fc7ff0                AEK_POW_BMS63EN_EnableCoulombCounting
 *fill*         0x00fc8032        0xe 
 .text.AEK_POW_BMS63EN_GPIO7_OT_UT_Mask
                0x00fc8040       0x42 build/obj/AEK_POW_BMS63EN_id.o
                0x00fc8040                AEK_POW_BMS63EN_GPIO7_OT_UT_Mask
 *fill*         0x00fc8082        0xe 
 .text.AEK_POW_BMS63EN_SetADCFilterSOC
                0x00fc8090       0x48 build/obj/AEK_POW_BMS63EN_id.o
                0x00fc8090                AEK_POW_BMS63EN_SetADCFilterSOC
 *fill*         0x00fc80d8        0x8 
 .text.AEK_POW_BMS63EN_SetVBattOVThreshold
                0x00fc80e0       0x5e build/obj/AEK_POW_BMS63EN_id.o
                0x00fc80e0                AEK_POW_BMS63EN_SetVBattOVThreshold
 *fill*         0x00fc813e        0x2 
 .text.AEK_POW_BMS63EN_SetVBattUVThreshold
                0x00fc8140       0x5c build/obj/AEK_POW_BMS63EN_id.o
                0x00fc8140                AEK_POW_BMS63EN_SetVBattUVThreshold
 *fill*         0x00fc819c        0x4 
 .text.AEK_POW_BMS63EN_SetVCellOVThreshold
                0x00fc81a0       0x68 build/obj/AEK_POW_BMS63EN_id.o
                0x00fc81a0                AEK_POW_BMS63EN_SetVCellOVThreshold
 *fill*         0x00fc8208        0x8 
 .text.AEK_POW_BMS63EN_SetVCellUVThreshold
                0x00fc8210       0x66 build/obj/AEK_POW_BMS63EN_id.o
                0x00fc8210                AEK_POW_BMS63EN_SetVCellUVThreshold
 *fill*         0x00fc8276        0xa 
 .text.AEK_POW_BMS63EN_GetVTREFVoltMeasurement
                0x00fc8280       0x50 build/obj/AEK_POW_BMS63EN_id.o
                0x00fc8280                AEK_POW_BMS63EN_GetVTREFVoltMeasurement
 .text.AEK_POW_BMS63EN_SetVTREFAlwaysEnabled
                0x00fc82d0       0x58 build/obj/AEK_POW_BMS63EN_id.o
                0x00fc82d0                AEK_POW_BMS63EN_SetVTREFAlwaysEnabled
 *fill*         0x00fc8328        0x8 
 .text.AEK_POW_BMS63EN_SetVTREFEnabled
                0x00fc8330       0x56 build/obj/AEK_POW_BMS63EN_id.o
                0x00fc8330                AEK_POW_BMS63EN_SetVTREFEnabled
 *fill*         0x00fc8386        0xa 
 .text.AEK_POW_BMS63EN_SetVTREFDisabled
                0x00fc8390       0x42 build/obj/AEK_POW_BMS63EN_id.o
                0x00fc8390                AEK_POW_BMS63EN_SetVTREFDisabled
 *fill*         0x00fc83d2        0xe 
 .text.AEK_POW_BMS63EN_StartUpWKUP
                0x00fc83e0      0x17e build/obj/AEK_POW_BMS63EN_id.o
                0x00fc83e0                AEK_POW_BMS63EN_StartUpWKUP
 *fill*         0x00fc855e        0x2 
 .text.AEK_POW_BMS63EN_StartManualConversion
                0x00fc8560      0x144 build/obj/AEK_POW_BMS63EN_id.o
                0x00fc8560                AEK_POW_BMS63EN_StartManualConversion
 *fill*         0x00fc86a4        0xc 
 .text.AEK_POW_BMS63EN_DisableCell
                0x00fc86b0       0xd6 build/obj/AEK_POW_BMS63EN_id.o
                0x00fc86b0                AEK_POW_BMS63EN_DisableCell
 *fill*         0x00fc8786        0xa 
 .text.AEK_POW_BMS63EN_DisableCellBalancing
                0x00fc8790      0x172 build/obj/AEK_POW_BMS63EN_id.o
                0x00fc8790                AEK_POW_BMS63EN_DisableCellBalancing
 *fill*         0x00fc8902        0xe 
 .text.AEK_POW_BMS63EN_EnableCellBalancing
                0x00fc8910      0x172 build/obj/AEK_POW_BMS63EN_id.o
                0x00fc8910                AEK_POW_BMS63EN_EnableCellBalancing
 *fill*         0x00fc8a82        0xe 
 .text.AEK_POW_BMS63EN_EnableCell
                0x00fc8a90       0xbe build/obj/AEK_POW_BMS63EN_id.o
                0x00fc8a90                AEK_POW_BMS63EN_EnableCell
 *fill*         0x00fc8b4e        0x2 
 .text.AEK_POW_BMS63EN_GetBalancingStatus
                0x00fc8b50       0x38 build/obj/AEK_POW_BMS63EN_id.o
                0x00fc8b50                AEK_POW_BMS63EN_GetBalancingStatus
 *fill*         0x00fc8b88        0x8 
 .text.AEK_POW_BMS63EN_GetInstCurrentMeasurement
                0x00fc8b90       0xc8 build/obj/AEK_POW_BMS63EN_id.o
                0x00fc8b90                AEK_POW_BMS63EN_GetInstCurrentMeasurement
 *fill*         0x00fc8c58        0x8 
 .text.AEK_POW_BMS63EN_GetCellVoltMeasurement
                0x00fc8c60       0x54 build/obj/AEK_POW_BMS63EN_id.o
                0x00fc8c60                AEK_POW_BMS63EN_GetCellVoltMeasurement
 *fill*         0x00fc8cb4        0xc 
 .text.AEK_POW_BMS63EN_GetBatteryPackVoltMeasurement
                0x00fc8cc0       0x6a build/obj/AEK_POW_BMS63EN_id.o
                0x00fc8cc0                AEK_POW_BMS63EN_GetBatteryPackVoltMeasurement
 *fill*         0x00fc8d2a        0x6 
 .text.AEK_POW_BMS63EN_SetBalancingMode
                0x00fc8d30       0x9e build/obj/AEK_POW_BMS63EN_id.o
                0x00fc8d30                AEK_POW_BMS63EN_SetBalancingMode
 *fill*         0x00fc8dce        0x2 
 .text.AEK_POW_BMS63EN_StartCellBalancing
                0x00fc8dd0       0x44 build/obj/AEK_POW_BMS63EN_id.o
                0x00fc8dd0                AEK_POW_BMS63EN_StartCellBalancing
 *fill*         0x00fc8e14        0xc 
 .text.AEK_POW_BMS63EN_StopCellBalancing
                0x00fc8e20       0x44 build/obj/AEK_POW_BMS63EN_id.o
                0x00fc8e20                AEK_POW_BMS63EN_StopCellBalancing
 *fill*         0x00fc8e64        0xc 
 .text.AEK_POW_BMS63EN_GetNTCMeasurement
                0x00fc8e70       0xe0 build/obj/AEK_POW_BMS63EN_id.o
                0x00fc8e70                AEK_POW_BMS63EN_GetNTCMeasurement
 .text.AEK_POW_BMS63EN_SetOvercurrentThreshold
                0x00fc8f50       0x54 build/obj/AEK_POW_BMS63EN_id.o
                0x00fc8f50                AEK_POW_BMS63EN_SetOvercurrentThreshold
 *fill*         0x00fc8fa4        0xc 
 .text.AEK_POW_BMS63EN_ConfigGPIO
                0x00fc8fb0      0x368 build/obj/AEK_POW_BMS63EN_id.o
                0x00fc8fb0                AEK_POW_BMS63EN_ConfigGPIO
 *fill*         0x00fc9318        0x8 
 .text.AEK_POW_BMS63EN_SetGPIOModeAbsolute
                0x00fc9320      0x264 build/obj/AEK_POW_BMS63EN_id.o
                0x00fc9320                AEK_POW_BMS63EN_SetGPIOModeAbsolute
 *fill*         0x00fc9584        0xc 
 .text.AEK_POW_BMS63EN_SetGPIOModeRatiometric
                0x00fc9590      0x264 build/obj/AEK_POW_BMS63EN_id.o
                0x00fc9590                AEK_POW_BMS63EN_SetGPIOModeRatiometric
 *fill*         0x00fc97f4        0xc 
 .text.AEK_POW_BMS63EN_SetGPIOOVThreshold
                0x00fc9800      0x1e2 build/obj/AEK_POW_BMS63EN_id.o
                0x00fc9800                AEK_POW_BMS63EN_SetGPIOOVThreshold
 *fill*         0x00fc99e2        0xe 
 .text.AEK_POW_BMS63EN_SetGPIOUVThreshold
                0x00fc99f0      0x1de build/obj/AEK_POW_BMS63EN_id.o
                0x00fc99f0                AEK_POW_BMS63EN_SetGPIOUVThreshold
 *fill*         0x00fc9bce        0x2 
 .text.AEK_POW_BMS63EN_ParameterConfiguration
                0x00fc9bd0      0x2d4 build/obj/AEK_POW_BMS63EN_id.o
                0x00fc9bd0                AEK_POW_BMS63EN_ParameterConfiguration
 *fill*         0x00fc9ea4        0xc 
 .text.AEK_POW_BMS63EN_Init
                0x00fc9eb0       0x5e build/obj/AEK_POW_BMS63EN_id.o
                0x00fc9eb0                AEK_POW_BMS63EN_Init
 *fill*         0x00fc9f0e        0x2 
 .text.AEK_POW_BMS63EN_isEnabled
                0x00fc9f10       0x22 build/obj/AEK_POW_BMS63EN_id.o
                0x00fc9f10                AEK_POW_BMS63EN_isEnabled
 *fill*         0x00fc9f32        0xe 
 .text.AEK_POW_BMS63EN_GetFaults1
                0x00fc9f40       0x34 build/obj/AEK_POW_BMS63EN_diag.o
                0x00fc9f40                AEK_POW_BMS63EN_GetFaults1
 *fill*         0x00fc9f74        0xc 
 .text.AEK_POW_BMS63EN_GetFaults2
                0x00fc9f80       0x34 build/obj/AEK_POW_BMS63EN_diag.o
                0x00fc9f80                AEK_POW_BMS63EN_GetFaults2
 *fill*         0x00fc9fb4        0xc 
 .text.AEK_POW_BMS63EN_GetVCELLUVFaults
                0x00fc9fc0       0x34 build/obj/AEK_POW_BMS63EN_diag.o
                0x00fc9fc0                AEK_POW_BMS63EN_GetVCELLUVFaults
 *fill*         0x00fc9ff4        0xc 
 .text.AEK_POW_BMS63EN_GetVCELLOVFaults
                0x00fca000       0x34 build/obj/AEK_POW_BMS63EN_diag.o
                0x00fca000                AEK_POW_BMS63EN_GetVCELLOVFaults
 *fill*         0x00fca034        0xc 
 .text.AEK_POW_BMS63EN_GetGPIOOTUTFaults
                0x00fca040       0x34 build/obj/AEK_POW_BMS63EN_diag.o
                0x00fca040                AEK_POW_BMS63EN_GetGPIOOTUTFaults
 *fill*         0x00fca074        0xc 
 .text.pal_init
                0x00fca080      0x104 build/obj/pal.o
                0x00fca080                pal_init
 *fill*         0x00fca184        0xc 
 .text.clockInit